../Drivers/STM32F4xx_HAL_Driver/Inc/stm32f4xx_ll_dma.h:1803:26:LL_DMA_IsActiveFlag_TC6	16	static
../Drivers/STM32F4xx_HAL_Driver/Inc/stm32f4xx_ll_dma.h:2243:22:LL_DMA_ClearFlag_TC6	16	static
../Drivers/STM32F4xx_HAL_Driver/Inc/stm32f4xx_ll_usart.h:1792:26:LL_USART_IsActiveFlag_RXNE	16	static
../Drivers/STM32F4xx_HAL_Driver/Inc/stm32f4xx_ll_usart.h:1803:26:LL_USART_IsActiveFlag_TC	16	static
../Drivers/STM32F4xx_HAL_Driver/Inc/stm32f4xx_ll_usart.h:1814:26:LL_USART_IsActiveFlag_TXE	16	static
../Drivers/STM32F4xx_HAL_Driver/Inc/stm32f4xx_ll_usart.h:1968:22:LL_USART_ClearFlag_TC	16	static
../Drivers/STM32F4xx_HAL_Driver/Inc/stm32f4xx_ll_usart.h:1979:22:LL_USART_ClearFlag_RXNE	16	static
../Drivers/STM32F4xx_HAL_Driver/Inc/stm32f4xx_ll_usart.h:2153:22:LL_USART_DisableIT_TXE	40	static,ignoring_inline_asm
../Drivers/STM32F4xx_HAL_Driver/Inc/stm32f4xx_ll_usart.h:2403:25:LL_USART_ReceiveData8	16	static
../Drivers/STM32F4xx_HAL_Driver/Inc/stm32f4xx_ll_usart.h:2426:22:LL_USART_TransmitData8	16	static
../Core/Src/stm32f4xx_it.c:77:6:NMI_Handler	4	static
../Core/Src/stm32f4xx_it.c:92:6:HardFault_Handler	4	static
../Core/Src/stm32f4xx_it.c:107:6:MemManage_Handler	4	static
../Core/Src/stm32f4xx_it.c:122:6:BusFault_Handler	4	static
../Core/Src/stm32f4xx_it.c:137:6:UsageFault_Handler	4	static
../Core/Src/stm32f4xx_it.c:152:6:SVC_Handler	4	static
../Core/Src/stm32f4xx_it.c:165:6:DebugMon_Handler	4	static
../Core/Src/stm32f4xx_it.c:178:6:PendSV_Handler	4	static
../Core/Src/stm32f4xx_it.c:191:6:SysTick_Handler	8	static
../Core/Src/stm32f4xx_it.c:212:6:DMA1_Stream5_IRQHandler	4	static
../Core/Src/stm32f4xx_it.c:226:6:DMA1_Stream6_IRQHandler	8	static
../Core/Src/stm32f4xx_it.c:243:6:USART2_IRQHandler	24	static
